// Jest Snapshot v1, https://goo.gl/fbAQLP

exports[`UpdatePeripheral renders correctly 1`] = `
<div
  className="contain-row"
>
  <h2>
    Edit Peripheral
  </h2>
  <button
    className="negative"
    data-test="form-button-delete"
    onClick={[Function]}
  >
    Delete
  </button>
</div>
`;
